// Jest Snapshot v1, https://goo.gl/fbAQLP

exports[`Test on file FirstApp should render the component <FirstApp /> successfully 1`] = `
<Fragment>
  <h1>
    Hello Im Goku
  </h1>
  <p>
    Lorem ipsum dolor sit amet, consectetur
  </p>
</Fragment>
`;
